local=1008cc8e5 exit=1008cc8e5 order=03f57e7c 0371ab4b 0255117b 0281a102 02c48393 02a2d4c3 sizes=10000000 50000000  tunnels= legs=2
paired references: PAIRED_REF=auto resolved to '0371ab4b'; ranking was:
  8.87 0371ab4b ref
  7.44 0281a102 ref
  7.37 02c48393 ref
  6.81 03f57e7c ref
  5.97 02a2d4c3 ref
  5.78 direct ref
Running!
route pinned: 1 leg(s) added, 1 pruned, 0 already present
+ added leg (first tp=95839ad0-b588-0b1d-8475-45fba6ae993c)
mux set app=skysocks-client: target=2, +1 added, -0 removed, 1 already present
skysocks-client: 1 rg (1 active, 0 standby), src_port=49216, legs=2/2 present: stcpr>03f57e7c@fdab37dd;stcpr>0371ab4b@95839ad0
skysocks-client warm: 4/4 probes ok
exit-resources mux-legs-2-pre: RssAnon 483248 kB, cpu 266.97 s, load1 0.26, idle 0.096 core, sys 557.9 MB, heap 300.9 MB, gc 442, goroutines 5641
Running!
route pinned: 1 leg(s) added, 1 pruned, 0 already present
paired: reference slot 1 = 0371ab4b on skysocks-client-ref@127.0.0.1:1081, 4/4 probes ok
mux-legs-2: 16 rows, hash_ok=16
mux-legs-2: paired ratios vs 0371ab4b: 50up: 1.823 0.903 0.867 10up: 0.423 0.655 0.667 10down: 0.944 1.112 1.137 1.819 0.967 50down: 0.965 1.218 1.039 0.999 0.850 
mux-legs-2: 13 mux events: group_created(route group dialed by this visor) leg_added(route setup: primary leg) leg_added(mux append: aux leg) leg_promoted(operator: pinned leg active) leg_removed(operator: mux remove) primary_rehomed(operator removed the primary leg) leg_added(mux append: aux leg) leg_promoted(operator: pinne
exit-resources mux-legs-2-post: RssAnon 495172 kB, cpu 293.45 s, load1 1.16, idle 0.050 core, sys 557.9 MB, heap 283.4 MB, gc 500, goroutines 5698
exit-resources mux-legs-2-settled: RssAnon 499140 kB, cpu 295.85 s, load1 0.85, idle 0.054 core, sys 557.9 MB, heap 254.4 MB, gc 502, goroutines 5700
EXITRES mux-legs-2 rss=483248->495172 kB d_rss=11924 KiB settled=499140 d_settled=15892 sys=557.9->557.9 MB cpu=26.5s wall=209s cps=0.13 idle=0.10 allow=0.60 verdict=PASS
skysocks-client: rg src_port 49216 -> 49216
EXITRES-SLOPE bench/2026-09-18/1008cc8e5 slope=786 KiB/min span=7.0 min n=7 verdict=SKIP (span under 20 min)
