local=1008cc8e5 exit=1008cc8e5 order=03f57e7c 0371ab4b 0255117b 0281a102 02c48393 02a2d4c3 sizes=10000000 50000000  tunnels= legs=
paired references: PAIRED_REF=auto resolved to '0371ab4b'; ranking was:
  8.87 0371ab4b ref
  7.44 0281a102 ref
  7.37 02c48393 ref
  6.81 03f57e7c ref
  5.97 02a2d4c3 ref
  5.78 direct ref
Running!
skysocks-client: route group count stable at 8 for 10s
skysocks-client: 8 route group(s) — 2 active, 6 standby; first-hop tps: 062c57d2-0c3c-05ac-8df4-d322cd8da1aa 2c4ae7a5-de55-0e09-bd14-7febf7d9f972 50cdb857-a262-0ae5-bf5b-5c93c8025b69 95839ad0-b588-0b1d-8475-45fba6ae993c ac40965a-bc99-01e4-a2c9-c26b76db013b b414796d-14fc-080e-9ce6-a7162e3e562b f1012467-de9d-09a9-8b49-62a43945c24b fdab37dd-c35e-05bc-9e51-cd6b024e3eec 
skysocks-client warm: 4/4 probes ok
skysocks-client: applying live knobs: spread.max_share=0.4 spread.min_routes=3
skysocks-client: knobs landed after 6s (probe interval 5s): spread.max_share=0.4,spread.min_routes=3
exit-resources mux-spread-3-pre: RssAnon 499132 kB, cpu 408.32 s, load1 0.10, idle 0.064 core, sys 558.2 MB, heap 377.6 MB, gc 684, goroutines 6102
Running!
route pinned: 1 leg(s) added, 1 pruned, 0 already present
paired: reference slot 1 = 0371ab4b on skysocks-client-ref@127.0.0.1:1081, 4/4 probes ok
mux-spread-3: 8 rows, hash_ok=8
mux-spread-3: paired ratios vs 0371ab4b: 50up: 1.936 0.947 0.964 50down: 0.655 0.708 0.934 0.755 0.697 
mux-spread-3: 29 mux events: group_created(route group dialed by this visor) leg_added(route setup: primary leg) group_created(route group dialed by this visor) leg_added(route setup: primary leg) dial_decision(diversify: 1 sibling group(s) to 022716fb:3, excluding first-hop tp(s) b414796d and 1 first-hop peer(s); hook-race: ev
exit-resources mux-spread-3-post: RssAnon 572808 kB, cpu 433.92 s, load1 0.37, idle 0.066 core, sys 586.2 MB, heap 359.1 MB, gc 733, goroutines 6129
exit-resources mux-spread-3-settled: RssAnon 522576 kB, cpu 436.43 s, load1 0.47, idle 0.054 core, sys 586.2 MB, heap 248.8 MB, gc 735, goroutines 6101
EXITRES mux-spread-3 rss=499132->572808 kB d_rss=73676 KiB settled=522576 d_settled=23444 sys=558.2->586.2 MB cpu=25.6s wall=209s cps=0.12 idle=0.06 allow=0.56 verdict=PASS
mux-spread-3               rows=8   fwd b414796d direct PASS=2 FAIL=0 INFO=6 | rev fanout<=3 PASS=5 FAIL=0 INFO=3 | flips=2 @r6,7
--- mux-spread-3 asserts
# assert	value	want	verdict
# criterion 10: cap 0.4 of the bytes on any one route, hold >= 3 routes, >= 0.8 x the paired reference, at 50 MB down and up
# shares are bench/direction.sh per-row leg shares in the PAYLOAD direction (reverse bytes on a download, forward bytes on an upload), over the legs of ACTIVE groups only
# cap tolerance = 0.4 + 4194304/50000000 = 0.484 (one chunk of slack)
routes_active	min 3, max 3 over 8 row(s)	>= 3	PASS
max_share	0.4590 (worst row 3, leg b414796d)	<= 0.484 (0.4 + chunk/size)	PASS
ratio_50down	0.708	>= 0.8	FAIL
ratio_50up	0.964	>= 0.8	PASS
hashes	8/8	8/8	PASS
spread_policy	settings=spread.max_share=0.4,spread.min_routes=3 settings_landed=6s	spread.max_share=0.4 spread.min_routes=3 applied	PASS
EXITRES-SLOPE bench/2026-09-18/1008cc8e5 slope=919 KiB/min span=29.6 min n=13 verdict=PASS
