local=1008cc8e5 exit=1008cc8e5 order=03f57e7c 0371ab4b 0255117b 0281a102 02c48393 02a2d4c3 sizes=10000000 50000000  tunnels=2 legs=
paired references: PAIRED_REF=auto resolved to '0371ab4b'; ranking was:
  8.87 0371ab4b ref
  7.44 0281a102 ref
  7.37 02c48393 ref
  6.81 03f57e7c ref
  5.97 02a2d4c3 ref
  5.78 direct ref
Running!
skysocks-client: route group count stable at 4 for 10s
skysocks-client: 4 route group(s) — 3 active, 1 standby; first-hop tps: 2c4ae7a5-de55-0e09-bd14-7febf7d9f972 50cdb857-a262-0ae5-bf5b-5c93c8025b69 b414796d-14fc-080e-9ce6-a7162e3e562b fdab37dd-c35e-05bc-9e51-cd6b024e3eec 
mux-tunnels-2: INVALID — shape differs from target: 3 active route group(s) of 4 (1 standby), asked for 2 (groups=rg49198/active=[stcpr>022716fb@b414796d] rg49200/active=[stcpr>03f57e7c@fdab37dd] rg49201/active=[stcpr>02a2d4c3@2c4ae7a5] rg49202/standby=[stcpr>0255117b@50cdb857])
Running!
skysocks-client: route group count stable at 5 for 10s
Running!
route pinned: 1 leg(s) added, 1 pruned, 0 already present
paired: reference slot 1 = 0371ab4b on skysocks-client-ref@127.0.0.1:1081, 4/4 probes ok
Running!
route pinned: 1 leg(s) added, 1 pruned, 0 already present
paired: reference slot 2 = 0281a102 on skysocks-client-ref2@127.0.0.1:1084, 4/4 probes ok
skysocks-client warm: 4/4 probes ok
exit-resources: warm-up transfer (50000000 B down) before the first reading of the run
exit-resources warmup: RssAnon 484020 kB, cpu 238.81 s, load1 0.21, idle 0.070 core, sys 557.4 MB, heap 262.3 MB, gc 375, goroutines 5670
exit-resources mux-tunnels-2-up2-pre: RssAnon 484020 kB, cpu 239.15 s, load1 0.27, idle 0.058 core, sys 557.4 MB, heap 297.8 MB, gc 375, goroutines 5684
mux-tunnels-2-up2 trial 1: 5.25 + 5.63 MB/s vs references 10.32 + 9.09 MB/s
mux-tunnels-2-up2 trial 2: 5.57 + 6.18 MB/s vs references 10.34 + 8.99 MB/s
mux-tunnels-2-up2 trial 3: 6.67 + 5.56 MB/s vs references 10.14 + 9.08 MB/s
mux-tunnels-2-up2 trial 4: 5.64 + 5.60 MB/s vs references 10.31 + 9.00 MB/s
mux-tunnels-2-up2 trial 5: 5.61 + 5.60 MB/s vs references 10.33 + 8.97 MB/s
exit-resources mux-tunnels-2-up2-post: RssAnon 526676 kB, cpu 262.79 s, load1 0.47, idle 0.062 core, sys 557.4 MB, heap 222.2 MB, gc 439, goroutines 5740
exit-resources mux-tunnels-2-up2-settled: RssAnon 527956 kB, cpu 265.27 s, load1 0.39, idle 0.054 core, sys 557.4 MB, heap 376.5 MB, gc 440, goroutines 5731
EXITRES mux-tunnels-2-up2 rss=484020->526676 kB d_rss=42656 KiB settled=527956 d_settled=43936 sys=557.4->557.4 MB cpu=23.6s wall=114s cps=0.21 idle=0.06 allow=0.56 verdict=PASS
mux-tunnels-2-up2: 10 rows, hash_ok=10
mux-tunnels-2-up2: 38 mux events: group_created(route group dialed by this visor) leg_added(route setup: primary leg) group_created(route group dialed by this visor) leg_added(route setup: primary leg) dial_decision(diversify: 1 sibling group(s) to 022716fb:3, excluding first-hop tp(s) b414796d and 1 first-hop peer(s); hook-race: ev
EXITRES-SLOPE bench/2026-09-18/1008cc8e5 slope=18637 KiB/min span=2.6 min n=4 verdict=SKIP (span under 20 min)
